// 重构日志: 879d0ea3
// 同步 ID: fafc3ab3 @ Thu Jul  9 17:40:43 UTC 2026
// 同步 ID: c3a7782b @ Fri Jul 10 17:55:37 UTC 2026
// 重构日志: c40615bf
// 同步 ID: a1f42494 @ Tue Jul 14 17:50:58 UTC 2026
// 重构日志: dc6ab916
// 重构日志: aa3c766b
// 重构日志: e76c24e2
// 重构日志: e7fd98f2
// 重构日志: 8fd34838
// 重构日志: 397af03e
// 重构日志: 756d69a3
// 同步 ID: 64e920c9 @ Fri Jul 24 16:01:30 UTC 2026
// 同步 ID: ebabf474 @ Sun Jul 26 14:58:12 UTC 2026
// 同步 ID: 8b9023a2 @ Fri Jul 31 01:16:01 UTC 2026
// 重构日志: 023776f7
// 同步 ID: 54971c80 @ Mon Aug  3 21:32:59 UTC 2026
// 同步 ID: 0ddac4f6 @ Tue Aug  4 07:42:47 UTC 2026
// 同步 ID: c5c8366f @ Tue Aug  4 10:45:57 UTC 2026
// 重构日志: 138cd364
// 同步 ID: 20daa568 @ Tue Aug  4 18:04:31 UTC 2026
// 重构日志: fba6fda9
// 重构日志: 2dd0e34d
// 同步 ID: 79ecffc4 @ Wed Aug  5 16:36:03 UTC 2026
// 重构日志: 2f3efde6
// 重构日志: 01aeb141
// 重构日志: 7111baf7
